(---------------------------------------------------------------------)
(                                                                     )
(    Dangling Line, Via and Antenna Report                            )
(                                                                     )
(    Drawing          : pmtpulser.brd                                 )
(    Software Version : 16.6P004                                      )
(    Date/Time        : Fri Feb 03 14:40:44 2017                      )
(                                                                     )
(---------------------------------------------------------------------)


Report methodology:
  - Dangling lines have at least one end not connected.
  - Dangling vias have one or no connection
      - Plus are not a test, thieving or netshort property via.
  - Antenna vias do not have connections on their start and end layers.
      - Plus they are not a thieving vias.
      - Optionally, VOLTAGE nets, testvias and through vias can be suppressed with
        the environment variable report_antennavia.
      - Section may be suppressed by variable report_noantennavia.
  - Not part of the current partition.
  - To suppress items in dangle report add the OK_DANGLE property to the via
    or connect line.



<< Antenna Vias >>
  Net                  Padstack               Location            Layers
  ---------------------------------------------------------------------------
  VCC                  VIA                  (12782.00 9896.00) TOP/BOTTOM 
  VCC                  VIA                  (12922.00 10628.00) TOP/BOTTOM 
  VCC                  VIA                  (13828.69 10167.31) TOP/BOTTOM 
  VCC                  VIA                  (12859.72 10429.28) TOP/BOTTOM 
  VCC                  VIA                  (14875.00 9800.00) TOP/BOTTOM 
  VCC                  VIA                  (14875.00 10000.00) TOP/BOTTOM 
  VCC                  VIA                  (14875.00 9900.00) TOP/BOTTOM 
  VCC                  VIA                  (14875.00 10100.00) TOP/BOTTOM 
  VCC                  VIA                  (14875.00 10200.00) TOP/BOTTOM 
  VCC                  VIA                  (14875.00 10300.00) TOP/BOTTOM 
  VCC                  VIA                  (14875.00 10400.00) TOP/BOTTOM 
  VCC                  VIA                  (14875.00 10500.00) TOP/BOTTOM 
  VCC                  VIA                  (14875.00 10600.00) TOP/BOTTOM 
  VCC                  VIA                  (14875.00 10700.00) TOP/BOTTOM 
  VCC                  VIA                  (14125.00 10575.00) TOP/BOTTOM 
  VCC                  VIA                  (13525.00 9875.00) TOP/BOTTOM 
  VCC                  VIA                  (13650.00 10275.00) TOP/BOTTOM 
  VCC                  VIA                  (13707.28 9907.28) TOP/BOTTOM 
  GND                  VIA                  (12783.00 9956.00) TOP/BOTTOM 
  GND                  VIA                  (12923.00 10573.00) TOP/BOTTOM 
  GND                  VIA                  (12489.00 9820.00) TOP/BOTTOM 
  GND                  VIA                  (13218.00 9982.00) TOP/BOTTOM 
  GND                  VIA                  (14213.00 9900.00) TOP/BOTTOM 
  GND                  VIA                  (13244.00 10190.00) TOP/BOTTOM 
  GND                  VIA                  (13852.50 10603.50) TOP/BOTTOM 
  GND                  VIA                  (14088.00 10700.00) TOP/BOTTOM 
  GND                  VIA                  (12629.00 9649.00) TOP/BOTTOM 
  GND                  VIA                  (13597.50 10632.50) TOP/BOTTOM 
  GND                  VIA                  (13540.00 10350.00) TOP/BOTTOM 
  GND                  VIA                  (13200.00 10650.00) TOP/BOTTOM 
  GND                  VIA                  (13700.00 10325.00) TOP/BOTTOM 
  GND                  VIA                  (13480.00 10320.00) TOP/BOTTOM 
  GND                  VIA                  (13805.00 9980.00) TOP/BOTTOM 
  GND                  VIA                  (14070.00 10280.00) TOP/BOTTOM 
  GND                  VIA                  (12475.00 9875.00) TOP/BOTTOM 
  GND                  VIA                  (12625.00 9825.00) TOP/BOTTOM 
  GND                  VIA                  (14225.00 10650.00) TOP/BOTTOM 
  GND                  VIA                  (14225.00 10600.00) TOP/BOTTOM 
  GND                  VIA                  (14575.00 10450.00) TOP/BOTTOM 
  GND                  VIA                  (14575.00 10400.00) TOP/BOTTOM 
  GND                  VIA                  (14225.00 10400.00) TOP/BOTTOM 
  GND                  VIA                  (14225.00 10150.00) TOP/BOTTOM 
  GND                  VIA                  (14225.00 10100.00) TOP/BOTTOM 
  GND                  VIA                  (14575.00 9950.00) TOP/BOTTOM 
  GND                  VIA                  (14575.00 9900.00) TOP/BOTTOM 
  GND                  VIA                  (13902.50 10603.50) TOP/BOTTOM 
  GND                  VIA                  (13597.50 10684.50) TOP/BOTTOM 
  GND                  VIA                  (12050.00 9700.00) TOP/BOTTOM 
  GND                  VIA                  (12050.00 9800.00) TOP/BOTTOM 
  GND                  VIA                  (12050.00 9900.00) TOP/BOTTOM 
  GND                  VIA                  (12050.00 10000.00) TOP/BOTTOM 
  GND                  VIA                  (12050.00 10100.00) TOP/BOTTOM 
  GND                  VIA                  (12050.00 10200.00) TOP/BOTTOM 
  GND                  VIA                  (12050.00 10300.00) TOP/BOTTOM 
  GND                  VIA                  (12050.00 10400.00) TOP/BOTTOM 
  GND                  VIA                  (12050.00 10500.00) TOP/BOTTOM 
  GND                  VIA                  (12050.00 10600.00) TOP/BOTTOM 
  GND                  VIA                  (12050.00 10700.00) TOP/BOTTOM 
  GND                  VIA                  (15650.00 9700.00) TOP/BOTTOM 
  GND                  VIA                  (15650.00 9800.00) TOP/BOTTOM 
  GND                  VIA                  (15650.00 9900.00) TOP/BOTTOM 
  GND                  VIA                  (15650.00 10000.00) TOP/BOTTOM 
  GND                  VIA                  (15650.00 10100.00) TOP/BOTTOM 
  GND                  VIA                  (15650.00 10200.00) TOP/BOTTOM 
  GND                  VIA                  (15650.00 10300.00) TOP/BOTTOM 
  GND                  VIA                  (15650.00 10400.00) TOP/BOTTOM 
  GND                  VIA                  (15650.00 10500.00) TOP/BOTTOM 
  GND                  VIA                  (15650.00 10600.00) TOP/BOTTOM 
  GND                  VIA                  (15650.00 10700.00) TOP/BOTTOM 
  GND                  VIA                  (12300.00 9500.00) TOP/BOTTOM 
  GND                  VIA                  (12400.00 9500.00) TOP/BOTTOM 
  GND                  VIA                  (12500.00 9500.00) TOP/BOTTOM 
  GND                  VIA                  (12600.00 9500.00) TOP/BOTTOM 
  GND                  VIA                  (12700.00 9500.00) TOP/BOTTOM 
  GND                  VIA                  (12800.00 9500.00) TOP/BOTTOM 
  GND                  VIA                  (12900.00 9500.00) TOP/BOTTOM 
  GND                  VIA                  (13000.00 9500.00) TOP/BOTTOM 
  GND                  VIA                  (13100.00 9500.00) TOP/BOTTOM 
  GND                  VIA                  (13200.00 9500.00) TOP/BOTTOM 
  GND                  VIA                  (13300.00 9500.00) TOP/BOTTOM 
  GND                  VIA                  (13400.00 9500.00) TOP/BOTTOM 
  GND                  VIA                  (13500.00 9500.00) TOP/BOTTOM 
  GND                  VIA                  (13600.00 9500.00) TOP/BOTTOM 
  GND                  VIA                  (13700.00 9500.00) TOP/BOTTOM 
  GND                  VIA                  (13800.00 9500.00) TOP/BOTTOM 
  GND                  VIA                  (13900.00 9500.00) TOP/BOTTOM 
  GND                  VIA                  (14000.00 9500.00) TOP/BOTTOM 
  GND                  VIA                  (14100.00 9500.00) TOP/BOTTOM 
  GND                  VIA                  (14200.00 9500.00) TOP/BOTTOM 
  GND                  VIA                  (14300.00 9500.00) TOP/BOTTOM 
  GND                  VIA                  (14400.00 9500.00) TOP/BOTTOM 
  GND                  VIA                  (14500.00 9500.00) TOP/BOTTOM 
  GND                  VIA                  (14600.00 9500.00) TOP/BOTTOM 
  GND                  VIA                  (14700.00 9500.00) TOP/BOTTOM 
  GND                  VIA                  (14800.00 9500.00) TOP/BOTTOM 
  GND                  VIA                  (14900.00 9500.00) TOP/BOTTOM 
  GND                  VIA                  (15000.00 9500.00) TOP/BOTTOM 
  GND                  VIA                  (15100.00 9500.00) TOP/BOTTOM 
  GND                  VIA                  (15200.00 9500.00) TOP/BOTTOM 
  GND                  VIA                  (15300.00 9500.00) TOP/BOTTOM 
  GND                  VIA                  (15400.00 9500.00) TOP/BOTTOM 
  GND                  VIA                  (12300.00 10950.00) TOP/BOTTOM 
  GND                  VIA                  (12400.00 10950.00) TOP/BOTTOM 
  GND                  VIA                  (12500.00 10950.00) TOP/BOTTOM 
  GND                  VIA                  (12600.00 10950.00) TOP/BOTTOM 
  GND                  VIA                  (12700.00 10950.00) TOP/BOTTOM 
  GND                  VIA                  (12800.00 10950.00) TOP/BOTTOM 
  GND                  VIA                  (12900.00 10950.00) TOP/BOTTOM 
  GND                  VIA                  (13000.00 10950.00) TOP/BOTTOM 
  GND                  VIA                  (13100.00 10950.00) TOP/BOTTOM 
  GND                  VIA                  (13200.00 10950.00) TOP/BOTTOM 
  GND                  VIA                  (13300.00 10950.00) TOP/BOTTOM 
  GND                  VIA                  (13400.00 10950.00) TOP/BOTTOM 
  GND                  VIA                  (13500.00 10950.00) TOP/BOTTOM 
  GND                  VIA                  (13600.00 10950.00) TOP/BOTTOM 
  GND                  VIA                  (13700.00 10950.00) TOP/BOTTOM 
  GND                  VIA                  (13800.00 10950.00) TOP/BOTTOM 
  GND                  VIA                  (13900.00 10950.00) TOP/BOTTOM 
  GND                  VIA                  (14000.00 10950.00) TOP/BOTTOM 
  GND                  VIA                  (14100.00 10950.00) TOP/BOTTOM 
  GND                  VIA                  (14200.00 10950.00) TOP/BOTTOM 
  GND                  VIA                  (14300.00 10950.00) TOP/BOTTOM 
  GND                  VIA                  (14400.00 10950.00) TOP/BOTTOM 
  GND                  VIA                  (14500.00 10950.00) TOP/BOTTOM 
  GND                  VIA                  (14600.00 10950.00) TOP/BOTTOM 
  GND                  VIA                  (14700.00 10950.00) TOP/BOTTOM 
  GND                  VIA                  (14800.00 10950.00) TOP/BOTTOM 
  GND                  VIA                  (14900.00 10950.00) TOP/BOTTOM 
  GND                  VIA                  (15000.00 10950.00) TOP/BOTTOM 
  GND                  VIA                  (15100.00 10950.00) TOP/BOTTOM 
  GND                  VIA                  (15200.00 10950.00) TOP/BOTTOM 
  GND                  VIA                  (15300.00 10950.00) TOP/BOTTOM 
  GND                  VIA                  (15400.00 10950.00) TOP/BOTTOM 
  GND                  VIA                  (13140.00 9860.00) TOP/BOTTOM 
  GND                  VIA                  (13140.00 9700.00) TOP/BOTTOM 
  GND                  VIA                  (12880.00 9700.00) TOP/BOTTOM 
  GND                  VIA                  (12880.00 9860.00) TOP/BOTTOM 

<< Summary >>
  Total dangling lines:       0
  Total dangling vias:        0
  Total antenna vias:       137
