(---------------------------------------------------------------------)
(                                                                     )
(    Allegro Netrev Import Logic                                      )
(                                                                     )
(    Drawing          : pmtpulser.brd                                 )
(    Software Version : 16.6P004                                      )
(    Date/Time        : Thu Jan 05 16:44:09 2017                      )
(                                                                     )
(---------------------------------------------------------------------)


------ Directives ------

RIPUP_ETCH FALSE;
RIPUP_DELETE_FIRST_SEGMENT FALSE;
RIPUP_RETAIN_BONDWIRE FALSE;
RIPUP_SYMBOLS ALWAYS;
Missing symbol has error FALSE;
SCHEMATIC_DIRECTORY 'C:\Users\HEP\Documents\GitHub\PMTPulser\worklib\simplepulser\packaged';
BOARD_DIRECTORY '';
OLD_BOARD_NAME 'C:/Users/HEP/Documents/GitHub/PMTPulser/worklib/simplepulser/physical/pmtpulser.brd';
NEW_BOARD_NAME 'C:/Users/HEP/Documents/GitHub/PMTPulser/worklib/simplepulser/physical/pmtpulser.brd';

CmdLine: netrev -proj C:\Users\HEP\Documents\GitHub\PMTPulser\pmtpulser.cpm -y 1 -O C:\Users\HEP\Documents\GitHub\PMTPulser\worklib\simplepulser\physical\pmtpulser.brd C:\Users\HEP\Documents\GitHub\PMTPulser\worklib\simplepulser\physical\pmtpulser.brd -$

------ Preparing to read pst files ------

Starting to read C:/Users/HEP/Documents/GitHub/PMTPulser/worklib/simplepulser/packaged/pstchip.dat 
   Finished reading C:/Users/HEP/Documents/GitHub/PMTPulser/worklib/simplepulser/packaged/pstchip.dat (00:00:00.53)
Starting to read C:/Users/HEP/Documents/GitHub/PMTPulser/worklib/simplepulser/packaged/pstxprt.dat 
   Finished reading C:/Users/HEP/Documents/GitHub/PMTPulser/worklib/simplepulser/packaged/pstxprt.dat (00:00:00.01)
Starting to read C:/Users/HEP/Documents/GitHub/PMTPulser/worklib/simplepulser/packaged/pstxnet.dat 
   Finished reading C:/Users/HEP/Documents/GitHub/PMTPulser/worklib/simplepulser/packaged/pstxnet.dat (00:00:00.01)

------ Oversights/Warnings/Errors ------


#1   WARNING(SPMHNI-192): Device/Symbol check warning detected. [help]

WARNING(SPMHNI-194): Symbol 'SOIC8' for device 'ADN4661' not found in PSMPATH or must be "dbdoctor"ed.

#2   WARNING(SPMHNI-192): Device/Symbol check warning detected. [help]

WARNING(SPMHNI-194): Symbol 'SOT23_DAVID' for device 'BAS70' not found in PSMPATH or must be "dbdoctor"ed.

#3   WARNING(SPMHNI-192): Device/Symbol check warning detected. [help]

WARNING(SPMHNI-194): Symbol 'SOT23' for device 'BFR182' not found in PSMPATH or must be "dbdoctor"ed.

#4   WARNING(SPMHNI-192): Device/Symbol check warning detected. [help]

WARNING(SPMHNI-194): Symbol 'SOT343' for device 'BFU730F' not found in PSMPATH or must be "dbdoctor"ed.

#5   WARNING(SPMHNI-192): Device/Symbol check warning detected. [help]

WARNING(SPMHNI-194): Symbol 'CONN2' for device 'CONN2' not found in PSMPATH or must be "dbdoctor"ed.

#6   WARNING(SPMHNI-192): Device/Symbol check warning detected. [help]

WARNING(SPMHNI-194): Symbol 'C0402' for device 'CSMD0402-0.1UF,10%,0402,25V' not found in PSMPATH or must be "dbdoctor"ed.

#7   WARNING(SPMHNI-192): Device/Symbol check warning detected. [help]

WARNING(SPMHNI-194): Symbol 'C0402' for device 'CSMD0402-1.0NF,10%,0402,25V' not found in PSMPATH or must be "dbdoctor"ed.

#8   WARNING(SPMHNI-192): Device/Symbol check warning detected. [help]

WARNING(SPMHNI-194): Symbol 'C0402' for device 'CSMD0402-10NF,10%,0402,25V' not found in PSMPATH or must be "dbdoctor"ed.

#9   WARNING(SPMHNI-192): Device/Symbol check warning detected. [help]

WARNING(SPMHNI-194): Symbol 'C0402' for device 'CSMD0402-10PF,10%,0402,25V' not found in PSMPATH or must be "dbdoctor"ed.

#10  WARNING(SPMHNI-192): Device/Symbol check warning detected. [help]

WARNING(SPMHNI-194): Symbol 'C0402' for device 'CSMD0402-2.2NF,10%,0402,25V' not found in PSMPATH or must be "dbdoctor"ed.

#11  WARNING(SPMHNI-192): Device/Symbol check warning detected. [help]

WARNING(SPMHNI-194): Symbol 'C0402' for device 'CSMD0402-2PF,10%,0402,25V' not found in PSMPATH or must be "dbdoctor"ed.

#12  WARNING(SPMHNI-192): Device/Symbol check warning detected. [help]

WARNING(SPMHNI-194): Symbol 'C0402' for device 'CSMD0402-40PF,10%,0402,25V' not found in PSMPATH or must be "dbdoctor"ed.

#13  WARNING(SPMHNI-192): Device/Symbol check warning detected. [help]

WARNING(SPMHNI-194): Symbol 'DIP16' for device 'HFA3128B96' not found in PSMPATH or must be "dbdoctor"ed.

    Alternatively, the JEDEC_TYPE is not defined for the device in the pstchip.dat.

#14  WARNING(SPMHNI-192): Device/Symbol check warning detected. [help]

WARNING(SPMHNI-194): Symbol 'R1206' for device 'LSMD1206-20UH,10%,1206' not found in PSMPATH or must be "dbdoctor"ed.

#15  WARNING(SPMHNI-192): Device/Symbol check warning detected. [help]

WARNING(SPMHNI-194): Symbol 'TSOT23-5' for device 'LTC2050' not found in PSMPATH or must be "dbdoctor"ed.

#16  WARNING(SPMHNI-192): Device/Symbol check warning detected. [help]

WARNING(SPMHNI-194): Symbol 'RK09L' for device 'RK09L-BASE' not found in PSMPATH or must be "dbdoctor"ed.

#17  WARNING(SPMHNI-192): Device/Symbol check warning detected. [help]

WARNING(SPMHNI-194): Symbol 'R0402' for device 'RSMD0402-100,5%,0402' not found in PSMPATH or must be "dbdoctor"ed.

#18  WARNING(SPMHNI-192): Device/Symbol check warning detected. [help]

WARNING(SPMHNI-194): Symbol 'R0402' for device 'RSMD0402_R0402-1,5%,0402' not found in PSMPATH or must be "dbdoctor"ed.

#19  WARNING(SPMHNI-192): Device/Symbol check warning detected. [help]

WARNING(SPMHNI-194): Symbol 'R0402' for device 'RSMD0402_R0402-1.5K,5%,0402' not found in PSMPATH or must be "dbdoctor"ed.

#20  WARNING(SPMHNI-192): Device/Symbol check warning detected. [help]

WARNING(SPMHNI-194): Symbol 'R0402' for device 'RSMD0402_R0402-100,5%,0402' not found in PSMPATH or must be "dbdoctor"ed.

#21  WARNING(SPMHNI-192): Device/Symbol check warning detected. [help]

WARNING(SPMHNI-194): Symbol 'R0402' for device 'RSMD0402_R0402-10K,5%,0402' not found in PSMPATH or must be "dbdoctor"ed.

#22  WARNING(SPMHNI-192): Device/Symbol check warning detected. [help]

WARNING(SPMHNI-194): Symbol 'R0402' for device 'RSMD0402_R0402-111,5%,0402' not found in PSMPATH or must be "dbdoctor"ed.

#23  WARNING(SPMHNI-192): Device/Symbol check warning detected. [help]

WARNING(SPMHNI-194): Symbol 'R0402' for device 'RSMD0402_R0402-150,5%,0402' not found in PSMPATH or must be "dbdoctor"ed.

#24  WARNING(SPMHNI-192): Device/Symbol check warning detected. [help]

WARNING(SPMHNI-194): Symbol 'R0402' for device 'RSMD0402_R0402-1K,5%,0402' not found in PSMPATH or must be "dbdoctor"ed.

#25  WARNING(SPMHNI-192): Device/Symbol check warning detected. [help]

WARNING(SPMHNI-194): Symbol 'R0402' for device 'RSMD0402_R0402-20,5%,0402' not found in PSMPATH or must be "dbdoctor"ed.

#26  WARNING(SPMHNI-192): Device/Symbol check warning detected. [help]

WARNING(SPMHNI-194): Symbol 'R0402' for device 'RSMD0402_R0402-200,5%,0402' not found in PSMPATH or must be "dbdoctor"ed.

#27  WARNING(SPMHNI-192): Device/Symbol check warning detected. [help]

WARNING(SPMHNI-194): Symbol 'R0402' for device 'RSMD0402_R0402-20K,5%,0402' not found in PSMPATH or must be "dbdoctor"ed.

#28  WARNING(SPMHNI-192): Device/Symbol check warning detected. [help]

WARNING(SPMHNI-194): Symbol 'R0402' for device 'RSMD0402_R0402-250,5%,0402' not found in PSMPATH or must be "dbdoctor"ed.

#29  WARNING(SPMHNI-192): Device/Symbol check warning detected. [help]

WARNING(SPMHNI-194): Symbol 'R0402' for device 'RSMD0402_R0402-3,5%,0402' not found in PSMPATH or must be "dbdoctor"ed.

#30  WARNING(SPMHNI-192): Device/Symbol check warning detected. [help]

WARNING(SPMHNI-194): Symbol 'R0402' for device 'RSMD0402_R0402-3.9K,5%,0402' not found in PSMPATH or must be "dbdoctor"ed.

#31  WARNING(SPMHNI-192): Device/Symbol check warning detected. [help]

WARNING(SPMHNI-194): Symbol 'R0402' for device 'RSMD0402_R0402-33,5%,0402' not found in PSMPATH or must be "dbdoctor"ed.

#32  WARNING(SPMHNI-192): Device/Symbol check warning detected. [help]

WARNING(SPMHNI-194): Symbol 'R0402' for device 'RSMD0402_R0402-4K,5%,0402' not found in PSMPATH or must be "dbdoctor"ed.

#33  WARNING(SPMHNI-192): Device/Symbol check warning detected. [help]

WARNING(SPMHNI-194): Symbol 'R0402' for device 'RSMD0402_R0402-50,5%,0402' not found in PSMPATH or must be "dbdoctor"ed.

#34  WARNING(SPMHNI-192): Device/Symbol check warning detected. [help]

WARNING(SPMHNI-194): Symbol 'R0402' for device 'RSMD0402_R0402-750,5%,0402' not found in PSMPATH or must be "dbdoctor"ed.

#35  WARNING(SPMHNI-192): Device/Symbol check warning detected. [help]

WARNING(SPMHNI-194): Symbol 'R0402' for device 'RSMD0402_R0402-80,5%,0402' not found in PSMPATH or must be "dbdoctor"ed.

#36  WARNING(SPMHNI-192): Device/Symbol check warning detected. [help]

WARNING(SPMHNI-194): Symbol 'RESADJ' for device 'TRIMPOT' not found in PSMPATH or must be "dbdoctor"ed.

#37  WARNING(SPMHNI-192): Device/Symbol check warning detected. [help]

WARNING(SPMHNI-194): Symbol 'SOIC8' for device 'LMC555' not found in PSMPATH or must be "dbdoctor"ed.



===========================================================
Start Constraint Diff3 Import
	Constraint File:    C:/Users/HEP/Documents/GitHub/PMTPulser/worklib/simplepulser/packaged/pstcmdb.dat
	Allegro Baseline:   C:/Users/HEP/AppData/Local/Temp/#Taaaaad05160.tmp
	Start time: Thu Jan 05 16:44:09 2017
===========================================================
===========================================================
Finished Constraint Update	Time: Thu Jan 05 16:44:10 2017
===========================================================

------ Library Paths ------
MODULEPATH =  . 
           C:/Cadence/SPB_16.6/share/local/pcb/modules 

PSMPATH =  C:/Users/HEP/Documents/GitHub/PMTPulser/libraries/parts_lib/ 

PADPATH =  C:/Users/HEP/Documents/GitHub/PMTPulser/libraries/symbols/ 


------ Summary Statistics ------


netrev run on Jan 5 16:44:09 2017
   DESIGN NAME : 'SIMPLEPULSER'
   PACKAGING ON 05-Jan-2017 AT 16:44:05

   COMPILE 'logic'
   CHECK_PIN_NAMES OFF
   CROSS_REFERENCE OFF
   DIRECTORIES  <none>
   FEEDBACK OFF
   INCREMENTAL OFF
   INTERFACE_TYPE PHYSICAL
   LIBRARIES  'parts_lib' 'Symbols' 'pmtpulser_lib' 'rf_comp_lib' 'standard'
              'mayers_lib'
   MASTER_LIBRARIES  <none>
   MAX_ERRORS 500
   MERGE_MINIMUM 5
   NET_NAME_CHARS '#%&()*+-./:=>?@[]^_`|'
   NET_NAME_LENGTH 24
   OVERSIGHTS ON
   REPLACE_CHECK OFF
   SINGLE_NODE_NETS ON
   SPLIT_MINIMUM 0
   SUPPRESS   20
   WARNINGS ON

 No error detected
 No oversight detected
 37 warnings detected

cpu time      0:04:09
elapsed time  0:00:01

